// Jest Snapshot v1, https://goo.gl/fbAQLP

exports[`Hero renders correctly 1`] = `
<section
  className="hero"
  style={
    Object {
      "opacity": 0,
      "transform": "translateX(-20px) translateZ(0)",
    }
  }
>
  <img
    alt="Illustration of a woman working on a computer"
    height="482"
    src="test-file-stub"
    width="733"
  />
  <div
    className="hero__container"
  >
    <h2
      className="hero__header"
    >
      Very cool service
    </h2>
    <p
      className="hero__text"
    >
      What an amazing description!
    </p>
    <a
      className="button-module button"
      href="/buy-the-product-please"
    >
      No refunds
    </a>
  </div>
</section>
`;
